// Vitest Snapshot v1

exports[`mount component 1`] = `
"<div>
      <table>
        <thead>
         <header-row-stub columns=\\"[object Object],[object Object],[object Object]\\" sorter=\\"(key, asc) => {
         currentSorter.key = key;
         currentSorter.asc = asc;
       }\\"></header-row-stub>
       </thead>
       <tbody>
         <body-row-stub columns=\\"[object Object],[object Object],[object Object]\\" record=\\"[object Object]\\"></body-row-stub>
         <body-row-stub columns=\\"[object Object],[object Object],[object Object]\\" record=\\"[object Object]\\"></body-row-stub>
        </tbody>
      </table>
      <pagination-stub current=\\"1\\" disabled=\\"false\\" hideonsinglepage=\\"false\\" pagesize=\\"10\\" showtotal=\\"false\\" total=\\"â€¦
          currentPage.value = page;
        }\\" showpre=\\"false\\" shownext=\\"false\\"></pagination-stub>
    </div>"
`;
